// Jest Snapshot v1, https://goo.gl/fbAQLP

exports[`Loader renders component 1`] = `
<ContentLoader
  height={480}
>
  <circle
    cx="20"
    cy="25"
    r="10"
  />
  <rect
    height="14"
    rx="4"
    ry="4"
    width="85"
    x="35"
    y="18"
  />
  <rect
    height="200"
    rx="5"
    ry="5"
    width="400"
    x="10"
    y="50"
  />
  <rect
    height="150"
    rx="5"
    ry="5"
    width="400"
    x="10"
    y="260"
  />
</ContentLoader>
`;
